RewriteEngine On
RewriteRule ^(.*)/vdca http://zonea.zoneadomain.za:2633 [P]
RewriteRule ^(.*)/vdcb http://zoneb.zoneadomain.za:2634 [P]
RewriteRule ^(.*)/vdcc http://zoneb.zoneadomain.za:2634 [P]
